// Jest Snapshot v1, https://goo.gl/fbAQLP

exports[`matches snapshot 1`] = `
<DocumentFragment>
  <div
    class="App"
  >
    <div>
      <form>
        <label
          for="task"
        >
          New Todo:
        </label>
        <input
          id="task"
          name="task"
          type="text"
          value=""
        />
        <button
          type="submit"
        >
          Add Todo
        </button>
      </form>
    </div>
  </div>
</DocumentFragment>
`;
